<testsuites name="jest tests" tests="2" failures="0" time="0.96">
  <testsuite name="/sum.test.js" errors="0" failures="0" skipped="0" timestamp="2018-06-10T05:48:45" time="0.271" tests="2">
    <testcase classname="-Sum test that 2 + 3 = 5" name="-Sum test that 2 + 3 = 5" time="0.004">
    </testcase>
    <testcase classname="-Product test that 2 + 3 = 6" name="-Product test that 2 + 3 = 6" time="0.001">
    </testcase>
  </testsuite>
</testsuites>